// Jest Snapshot v1, https://goo.gl/fbAQLP

exports[`NewItemInput tests snapshot 1`] = `
<View
  style={
    {
      "alignItems": "flex-start",
      "gap": 16,
    }
  }
>
  <TextInput
    onChangeText={[Function]}
    placeholder="To do task text"
    style={
      {
        "borderWidth": 1,
        "color": "black",
        "width": "100%",
      }
    }
    value=""
  />
  <View
    style={
      {
        "width": "20%",
      }
    }
  >
    <View
      accessibilityRole="button"
      accessibilityState={
        {
          "busy": undefined,
          "checked": undefined,
          "disabled": undefined,
          "expanded": undefined,
          "selected": undefined,
        }
      }
      accessibilityValue={
        {
          "max": undefined,
          "min": undefined,
          "now": undefined,
          "text": undefined,
        }
      }
      accessible={true}
      collapsable={false}
      focusable={true}
      onClick={[Function]}
      onResponderGrant={[Function]}
      onResponderMove={[Function]}
      onResponderRelease={[Function]}
      onResponderTerminate={[Function]}
      onResponderTerminationRequest={[Function]}
      onStartShouldSetResponder={[Function]}
      style={
        {
          "opacity": 1,
        }
      }
    >
      <View
        style={
          [
            {},
          ]
        }
      >
        <Text
          style={
            [
              {
                "color": "#007AFF",
                "fontSize": 18,
                "margin": 8,
                "textAlign": "center",
              },
            ]
          }
        >
          ADD
        </Text>
      </View>
    </View>
  </View>
</View>
`;
