// Jest Snapshot v1, https://goo.gl/fbAQLP

exports[`TodoItem component snapshots snapshot test 1`] = `
<View
  style={
    {
      "alignItems": "center",
      "backgroundColor": "#3b598a",
      "borderRadius": 10,
      "borderWidth": 1,
      "flexDirection": "row",
      "justifyContent": "center",
      "marginVertical": 4,
      "paddingHorizontal": 16,
    }
  }
>
  <View
    accessibilityHint="Toggles checkbox to on"
    accessibilityState={
      {
        "busy": undefined,
        "checked": undefined,
        "disabled": false,
        "expanded": undefined,
        "selected": undefined,
      }
    }
    accessibilityValue={
      {
        "max": undefined,
        "min": undefined,
        "now": undefined,
        "text": undefined,
      }
    }
    accessible={true}
    collapsable={false}
    focusable={true}
    onBlur={[Function]}
    onClick={[Function]}
    onFocus={[Function]}
    onResponderGrant={[Function]}
    onResponderMove={[Function]}
    onResponderRelease={[Function]}
    onResponderTerminate={[Function]}
    onResponderTerminationRequest={[Function]}
    onStartShouldSetResponder={[Function]}
    style={
      [
        {
          "alignItems": "center",
          "flexDirection": "row",
          "marginVertical": 8,
        },
        undefined,
        {
          "opacity": 1,
        },
      ]
    }
  >
    <View
      collapsable={false}
      style={
        {
          "alignItems": "center",
          "backgroundColor": "transparent",
          "borderColor": "#ccc",
          "borderRadius": 4,
          "borderWidth": 1.5,
          "height": 24,
          "justifyContent": "center",
          "opacity": 1,
          "transform": [
            {
              "scale": 1,
            },
            {
              "rotate": "0deg",
            },
          ],
          "width": 24,
        }
      }
    />
  </View>
  <View
    style={
      {
        "alignItems": "flex-start",
        "flex": 1,
        "padding": 20,
      }
    }
  >
    <Text
      style={
        {
          "color": "white",
        }
      }
    >
      20.10.1999
    </Text>
    <Text
      style={
        [
          {
            "color": "white",
          },
          {
            "fontSize": 20,
          },
        ]
      }
    >
      testText
    </Text>
  </View>
  <View
    accessibilityState={
      {
        "busy": undefined,
        "checked": undefined,
        "disabled": undefined,
        "expanded": undefined,
        "selected": undefined,
      }
    }
    accessibilityValue={
      {
        "max": undefined,
        "min": undefined,
        "now": undefined,
        "text": undefined,
      }
    }
    accessible={true}
    collapsable={false}
    focusable={true}
    onClick={[Function]}
    onResponderGrant={[Function]}
    onResponderMove={[Function]}
    onResponderRelease={[Function]}
    onResponderTerminate={[Function]}
    onResponderTerminationRequest={[Function]}
    onStartShouldSetResponder={[Function]}
    style={
      {
        "alignItems": "center",
        "backgroundColor": "#367ff5",
        "borderRadius": 10,
        "height": 40,
        "justifyContent": "center",
        "opacity": 1,
        "width": 40,
      }
    }
  >
    <Text
      style={
        {
          "color": "white",
        }
      }
    >
      X
    </Text>
  </View>
</View>
`;
